// Jest Snapshot v1, https://goo.gl/fbAQLP

exports[`Icon renders correctly by default 1`] = `
<svg
  class="some-class-name"
  data-testid="icon"
  name="some-name"
  role="img"
  viewBox="0 0 16 16"
>
  <use
    xlink:href="some-path#some-name"
  />
</svg>
`;

exports[`Icon renders correctly with all props 1`] = `
<svg
  class="some-class-name"
  data-testid="icon"
  name="some-name"
  role="img"
  viewBox="0 0 16 16"
>
  <use
    xlink:href="some-path#some-name"
  />
</svg>
`;
